00:00 +0: loading D:/JOB/project_task_30122025/masterpro-AI-Scan-ID/test/widget/passport_form_test.dart
flutter : test/widget/passpo
rt_form_test.dart:12:8: 
Error: Error when reading 
'helpers/fakes.dart': The 
system cannot find the path 
specified
At line:1 char:1
+ flutter test test/widget/p
assport_form_test.dart > 
test_output.txt 2> ...
+ ~~~~~~~~~~~~~~~~~~~~~~~~~~
~~~~~~~~~~~~~~~~~~~~~~~~~~~~
~~~~~~~~~~~~~~~
    + CategoryInfo          
    : NotSpecified: (test/  
  widget/pas... path spec   
 ified:String) [], Remot    
eException
    + FullyQualifiedErrorId 
    : NativeCommandError
 
import 
'../../helpers/fakes.dart';
       ^
test/widget/passport_form_te
st.dart:20:15: Error: 
Method not found: 
'FakeCustomerRepository'.
        () => 
FakeCustomerRepository());
              
^^^^^^^^^^^^^^^^^^^^^^
test/widget/passport_form_te
st.dart:21:49: Error: 
Method not found: 
'FakeAuthService'.
    sl.registerLazySingleton
<AuthService>(() => 
FakeAuthService());
                            
                    
^^^^^^^^^^^^^^^
test/widget/passport_form_te
st.dart:28:18: Error: 
Method not found: 
'FakeCustomerRepository'.
    final repo = 
FakeCustomerRepository();
                 
^^^^^^^^^^^^^^^^^^^^^^
00:00 +0 -1: loading D:/JOB/project_task_30122025/masterpro-AI-Scan-ID/test/widget/passport_form_test.dart [E]
  Failed to load "D:/JOB/project_task_30122025/masterpro-AI-Scan-ID/test/widget/passport_form_test.dart":
  Compilation failed for testPath=D:/JOB/project_task_30122025/masterpro-AI-Scan-ID/test/widget/passport_form_test.dart: test/widget/passport_form_test.dart:12:8: Error: Error when reading 'helpers/fakes.dart': The system cannot find the path specified
  import '../../helpers/fakes.dart';
         ^
  test/widget/passport_form_test.dart:20:15: Error: Method not found: 'FakeCustomerRepository'.
          () => FakeCustomerRepository());
                ^^^^^^^^^^^^^^^^^^^^^^
  test/widget/passport_form_test.dart:21:49: Error: Method not found: 'FakeAuthService'.
      sl.registerLazySingleton<AuthService>(() => FakeAuthService());
                                                  ^^^^^^^^^^^^^^^
  test/widget/passport_form_test.dart:28:18: Error: Method not found: 'FakeCustomerRepository'.
      final repo = FakeCustomerRepository();
                   ^^^^^^^^^^^^^^^^^^^^^^
  .
00:00 +0 -1: Some tests failed.
